Java HotSpot(TM) 64-Bit Server VM (25.161-b12) for windows-amd64 JRE (1.8.0_161-b12), built on Dec 19 2017 17:52:25 by "java_re" with MS VC++ 10.0 (VS2010)
Memory: 4k page, physical 8067900k(1616860k free), swap 16456508k(7828260k free)
CommandLine flags: -XX:-BytecodeVerificationLocal -XX:-BytecodeVerificationRemote -XX:InitialHeapSize=1073741824 -XX:+ManagementServer -XX:MaxHeapSize=1073741824 -XX:+PrintFlagsFinal -XX:+PrintGC -XX:+PrintGCDateStamps -XX:+PrintGCDetails -XX:+PrintGCTimeStamps -XX:TieredStopAtLevel=1 -XX:+UseCompressedClassPointers -XX:+UseCompressedOops -XX:+UseG1GC -XX:-UseLargePagesIndividualAllocation 
2019-12-23T15:27:50.845+0800: 2.341: [GC pause (GCLocker Initiated GC) (young), 0.0108073 secs]
   [Parallel Time: 6.3 ms, GC Workers: 4]
      [GC Worker Start (ms): Min: 2340.8, Avg: 2340.8, Max: 2340.8, Diff: 0.0]
      [Ext Root Scanning (ms): Min: 0.6, Avg: 1.1, Max: 2.1, Diff: 1.5, Sum: 4.5]
      [Update RS (ms): Min: 0.0, Avg: 0.0, Max: 0.0, Diff: 0.0, Sum: 0.0]
         [Processed Buffers: Min: 0, Avg: 0.0, Max: 0, Diff: 0, Sum: 0]
      [Scan RS (ms): Min: 0.0, Avg: 0.0, Max: 0.0, Diff: 0.0, Sum: 0.0]
      [Code Root Scanning (ms): Min: 0.0, Avg: 0.2, Max: 0.4, Diff: 0.4, Sum: 0.8]
      [Object Copy (ms): Min: 4.1, Avg: 4.9, Max: 5.5, Diff: 1.4, Sum: 19.7]
      [Termination (ms): Min: 0.0, Avg: 0.0, Max: 0.0, Diff: 0.0, Sum: 0.0]
         [Termination Attempts: Min: 1, Avg: 7.3, Max: 12, Diff: 11, Sum: 29]
      [GC Worker Other (ms): Min: 0.0, Avg: 0.0, Max: 0.0, Diff: 0.0, Sum: 0.2]
      [GC Worker Total (ms): Min: 6.3, Avg: 6.3, Max: 6.3, Diff: 0.0, Sum: 25.3]
      [GC Worker End (ms): Min: 2347.1, Avg: 2347.1, Max: 2347.1, Diff: 0.0]
   [Code Root Fixup: 0.0 ms]
   [Code Root Purge: 0.1 ms]
   [Clear CT: 0.0 ms]
   [Other: 4.3 ms]
      [Choose CSet: 0.0 ms]
      [Ref Proc: 3.9 ms]
      [Ref Enq: 0.0 ms]
      [Redirty Cards: 0.0 ms]
      [Humongous Register: 0.0 ms]
      [Humongous Reclaim: 0.0 ms]
      [Free CSet: 0.1 ms]
   [Eden: 52.0M(51.0M)->0.0B(44.0M) Survivors: 0.0B->7168.0K Heap: 51.5M(1024.0M)->7061.8K(1024.0M)]
 [Times: user=0.06 sys=0.00, real=0.01 secs] 
2019-12-23T15:27:51.382+0800: 2.877: [GC pause (G1 Evacuation Pause) (young), 0.0126561 secs]
   [Parallel Time: 7.2 ms, GC Workers: 4]
      [GC Worker Start (ms): Min: 2876.9, Avg: 2876.9, Max: 2876.9, Diff: 0.0]
      [Ext Root Scanning (ms): Min: 0.5, Avg: 0.9, Max: 1.9, Diff: 1.4, Sum: 3.6]
      [Update RS (ms): Min: 0.0, Avg: 0.0, Max: 0.0, Diff: 0.0, Sum: 0.0]
         [Processed Buffers: Min: 0, Avg: 0.0, Max: 0, Diff: 0, Sum: 0]
      [Scan RS (ms): Min: 0.0, Avg: 0.0, Max: 0.0, Diff: 0.0, Sum: 0.0]
      [Code Root Scanning (ms): Min: 0.0, Avg: 0.2, Max: 0.8, Diff: 0.8, Sum: 0.9]
      [Object Copy (ms): Min: 5.2, Avg: 6.0, Max: 6.5, Diff: 1.3, Sum: 23.8]
      [Termination (ms): Min: 0.0, Avg: 0.0, Max: 0.0, Diff: 0.0, Sum: 0.0]
         [Termination Attempts: Min: 1, Avg: 7.5, Max: 19, Diff: 18, Sum: 30]
      [GC Worker Other (ms): Min: 0.0, Avg: 0.0, Max: 0.0, Diff: 0.0, Sum: 0.1]
      [GC Worker Total (ms): Min: 7.1, Avg: 7.1, Max: 7.1, Diff: 0.0, Sum: 28.4]
      [GC Worker End (ms): Min: 2884.0, Avg: 2884.0, Max: 2884.0, Diff: 0.0]
   [Code Root Fixup: 0.1 ms]
   [Code Root Purge: 0.0 ms]
   [Clear CT: 0.1 ms]
   [Other: 5.4 ms]
      [Choose CSet: 0.0 ms]
      [Ref Proc: 5.0 ms]
      [Ref Enq: 0.0 ms]
      [Redirty Cards: 0.0 ms]
      [Humongous Register: 0.1 ms]
      [Humongous Reclaim: 0.0 ms]
      [Free CSet: 0.1 ms]
   [Eden: 44.0M(44.0M)->0.0B(60.0M) Survivors: 7168.0K->7168.0K Heap: 50.9M(1024.0M)->8341.5K(1024.0M)]
 [Times: user=0.06 sys=0.00, real=0.01 secs] 
2019-12-23T15:27:51.571+0800: 3.066: [GC pause (Metadata GC Threshold) (young) (initial-mark), 0.0109703 secs]
   [Parallel Time: 8.3 ms, GC Workers: 4]
      [GC Worker Start (ms): Min: 3066.0, Avg: 3066.0, Max: 3066.0, Diff: 0.0]
      [Ext Root Scanning (ms): Min: 1.3, Avg: 1.6, Max: 1.9, Diff: 0.7, Sum: 6.5]
      [Update RS (ms): Min: 0.0, Avg: 0.1, Max: 0.2, Diff: 0.2, Sum: 0.2]
         [Processed Buffers: Min: 0, Avg: 0.5, Max: 1, Diff: 1, Sum: 2]
      [Scan RS (ms): Min: 0.0, Avg: 0.0, Max: 0.0, Diff: 0.0, Sum: 0.0]
      [Code Root Scanning (ms): Min: 0.0, Avg: 0.3, Max: 0.7, Diff: 0.7, Sum: 1.2]
      [Object Copy (ms): Min: 5.7, Avg: 6.1, Max: 6.9, Diff: 1.2, Sum: 24.6]
      [Termination (ms): Min: 0.0, Avg: 0.0, Max: 0.0, Diff: 0.0, Sum: 0.0]
         [Termination Attempts: Min: 1, Avg: 1.0, Max: 1, Diff: 0, Sum: 4]
      [GC Worker Other (ms): Min: 0.0, Avg: 0.0, Max: 0.0, Diff: 0.0, Sum: 0.0]
      [GC Worker Total (ms): Min: 8.2, Avg: 8.2, Max: 8.2, Diff: 0.0, Sum: 32.6]
      [GC Worker End (ms): Min: 3074.2, Avg: 3074.2, Max: 3074.2, Diff: 0.0]
   [Code Root Fixup: 0.1 ms]
   [Code Root Purge: 0.0 ms]
   [Clear CT: 0.0 ms]
   [Other: 2.6 ms]
      [Choose CSet: 0.0 ms]
      [Ref Proc: 2.2 ms]
      [Ref Enq: 0.0 ms]
      [Redirty Cards: 0.0 ms]
      [Humongous Register: 0.0 ms]
      [Humongous Reclaim: 0.0 ms]
      [Free CSet: 0.1 ms]
   [Eden: 18.0M(60.0M)->0.0B(81.0M) Survivors: 7168.0K->5120.0K Heap: 26.1M(1024.0M)->9802.5K(1024.0M)]
 [Times: user=0.00 sys=0.00, real=0.01 secs] 
2019-12-23T15:27:51.582+0800: 3.077: [GC concurrent-root-region-scan-start]
2019-12-23T15:27:51.587+0800: 3.082: [GC concurrent-root-region-scan-end, 0.0047386 secs]
2019-12-23T15:27:51.587+0800: 3.082: [GC concurrent-mark-start]
2019-12-23T15:27:51.599+0800: 3.094: [GC concurrent-mark-end, 0.0122917 secs]
2019-12-23T15:27:51.599+0800: 3.094: [GC remark 2019-12-23T15:27:51.599+0800: 3.094: [Finalize Marking, 0.0000791 secs] 2019-12-23T15:27:51.599+0800: 3.094: [GC ref-proc, 0.0013502 secs] 2019-12-23T15:27:51.601+0800: 3.096: [Unloading, 0.0031094 secs], 0.0047642 secs]
 [Times: user=0.06 sys=0.00, real=0.01 secs] 
2019-12-23T15:27:51.605+0800: 3.100: [GC cleanup 11M->10M(1024M), 0.0006679 secs]
 [Times: user=0.00 sys=0.00, real=0.00 secs] 
2019-12-23T15:27:51.606+0800: 3.101: [GC concurrent-cleanup-start]
2019-12-23T15:27:51.606+0800: 3.101: [GC concurrent-cleanup-end, 0.0000146 secs]
2019-12-23T15:27:52.667+0800: 4.162: [GC pause (G1 Evacuation Pause) (young), 0.0130782 secs]
   [Parallel Time: 8.0 ms, GC Workers: 4]
      [GC Worker Start (ms): Min: 4162.0, Avg: 4162.0, Max: 4162.0, Diff: 0.0]
      [Ext Root Scanning (ms): Min: 0.4, Avg: 0.8, Max: 1.9, Diff: 1.5, Sum: 3.3]
      [Update RS (ms): Min: 0.0, Avg: 0.3, Max: 0.6, Diff: 0.6, Sum: 1.3]
         [Processed Buffers: Min: 0, Avg: 2.5, Max: 4, Diff: 4, Sum: 10]
      [Scan RS (ms): Min: 0.0, Avg: 0.3, Max: 0.5, Diff: 0.5, Sum: 1.2]
      [Code Root Scanning (ms): Min: 0.0, Avg: 0.1, Max: 0.3, Diff: 0.3, Sum: 0.5]
      [Object Copy (ms): Min: 6.1, Avg: 6.4, Max: 6.5, Diff: 0.4, Sum: 25.4]
      [Termination (ms): Min: 0.0, Avg: 0.0, Max: 0.0, Diff: 0.0, Sum: 0.0]
         [Termination Attempts: Min: 1, Avg: 1.0, Max: 1, Diff: 0, Sum: 4]
      [GC Worker Other (ms): Min: 0.0, Avg: 0.0, Max: 0.0, Diff: 0.0, Sum: 0.1]
      [GC Worker Total (ms): Min: 7.9, Avg: 8.0, Max: 8.0, Diff: 0.0, Sum: 31.8]
      [GC Worker End (ms): Min: 4170.0, Avg: 4170.0, Max: 4170.0, Diff: 0.0]
   [Code Root Fixup: 0.0 ms]
   [Code Root Purge: 0.0 ms]
   [Clear CT: 0.1 ms]
   [Other: 5.0 ms]
      [Choose CSet: 0.0 ms]
      [Ref Proc: 4.6 ms]
      [Ref Enq: 0.0 ms]
      [Redirty Cards: 0.0 ms]
      [Humongous Register: 0.0 ms]
      [Humongous Reclaim: 0.0 ms]
      [Free CSet: 0.1 ms]
   [Eden: 70.0M(70.0M)->0.0B(425.0M) Survivors: 5120.0K->10.0M Heap: 78.6M(1024.0M)->15.0M(1024.0M)]
 [Times: user=0.00 sys=0.00, real=0.01 secs] 
