Java HotSpot(TM) 64-Bit Server VM (25.161-b12) for windows-amd64 JRE (1.8.0_161-b12), built on Dec 19 2017 17:52:25 by "java_re" with MS VC++ 10.0 (VS2010)
Memory: 4k page, physical 8067900k(2176428k free), swap 16456508k(8267032k free)
CommandLine flags: -XX:-BytecodeVerificationLocal -XX:-BytecodeVerificationRemote -XX:InitialHeapSize=104857600 -XX:+ManagementServer -XX:MaxHeapSize=104857600 -XX:+PrintFlagsFinal -XX:+PrintGC -XX:+PrintGCDateStamps -XX:+PrintGCDetails -XX:+PrintGCTimeStamps -XX:TieredStopAtLevel=1 -XX:+UseCompressedClassPointers -XX:+UseCompressedOops -XX:+UseG1GC -XX:-UseLargePagesIndividualAllocation 
2019-12-23T14:52:07.141+0800: 1.943: [GC pause (G1 Evacuation Pause) (young), 0.0049756 secs]
   [Parallel Time: 3.5 ms, GC Workers: 4]
      [GC Worker Start (ms): Min: 1943.5, Avg: 1943.5, Max: 1943.5, Diff: 0.0]
      [Ext Root Scanning (ms): Min: 0.3, Avg: 0.5, Max: 1.1, Diff: 0.8, Sum: 2.2]
      [Update RS (ms): Min: 0.0, Avg: 0.0, Max: 0.0, Diff: 0.0, Sum: 0.0]
         [Processed Buffers: Min: 0, Avg: 0.0, Max: 0, Diff: 0, Sum: 0]
      [Scan RS (ms): Min: 0.0, Avg: 0.0, Max: 0.0, Diff: 0.0, Sum: 0.0]
      [Code Root Scanning (ms): Min: 0.0, Avg: 0.1, Max: 0.3, Diff: 0.3, Sum: 0.3]
      [Object Copy (ms): Min: 2.3, Avg: 2.7, Max: 3.0, Diff: 0.8, Sum: 11.0]
      [Termination (ms): Min: 0.0, Avg: 0.0, Max: 0.0, Diff: 0.0, Sum: 0.0]
         [Termination Attempts: Min: 2, Avg: 3.0, Max: 5, Diff: 3, Sum: 12]
      [GC Worker Other (ms): Min: 0.0, Avg: 0.0, Max: 0.1, Diff: 0.0, Sum: 0.2]
      [GC Worker Total (ms): Min: 3.4, Avg: 3.4, Max: 3.4, Diff: 0.0, Sum: 13.7]
      [GC Worker End (ms): Min: 1946.9, Avg: 1946.9, Max: 1946.9, Diff: 0.0]
   [Code Root Fixup: 0.0 ms]
   [Code Root Purge: 0.0 ms]
   [Clear CT: 0.0 ms]
   [Other: 1.4 ms]
      [Choose CSet: 0.0 ms]
      [Ref Proc: 1.2 ms]
      [Ref Enq: 0.0 ms]
      [Redirty Cards: 0.0 ms]
      [Humongous Register: 0.0 ms]
      [Humongous Reclaim: 0.0 ms]
      [Free CSet: 0.1 ms]
   [Eden: 14.0M(14.0M)->0.0B(17.0M) Survivors: 0.0B->2048.0K Heap: 14.0M(100.0M)->2668.5K(100.0M)]
 [Times: user=0.00 sys=0.00, real=0.00 secs] 
2019-12-23T14:52:07.511+0800: 2.313: [GC pause (G1 Evacuation Pause) (young), 0.0066266 secs]
   [Parallel Time: 4.2 ms, GC Workers: 4]
      [GC Worker Start (ms): Min: 2313.2, Avg: 2313.2, Max: 2313.2, Diff: 0.0]
      [Ext Root Scanning (ms): Min: 0.3, Avg: 0.6, Max: 1.1, Diff: 0.8, Sum: 2.3]
      [Update RS (ms): Min: 0.0, Avg: 0.1, Max: 0.3, Diff: 0.3, Sum: 0.5]
         [Processed Buffers: Min: 0, Avg: 1.3, Max: 2, Diff: 2, Sum: 5]
      [Scan RS (ms): Min: 0.0, Avg: 0.0, Max: 0.0, Diff: 0.0, Sum: 0.0]
      [Code Root Scanning (ms): Min: 0.0, Avg: 0.1, Max: 0.5, Diff: 0.5, Sum: 0.5]
      [Object Copy (ms): Min: 3.0, Avg: 3.3, Max: 3.7, Diff: 0.7, Sum: 13.1]
      [Termination (ms): Min: 0.0, Avg: 0.0, Max: 0.0, Diff: 0.0, Sum: 0.0]
         [Termination Attempts: Min: 1, Avg: 4.5, Max: 7, Diff: 6, Sum: 18]
      [GC Worker Other (ms): Min: 0.0, Avg: 0.0, Max: 0.0, Diff: 0.0, Sum: 0.0]
      [GC Worker Total (ms): Min: 4.1, Avg: 4.1, Max: 4.1, Diff: 0.0, Sum: 16.5]
      [GC Worker End (ms): Min: 2317.4, Avg: 2317.4, Max: 2317.4, Diff: 0.0]
   [Code Root Fixup: 0.0 ms]
   [Code Root Purge: 0.0 ms]
   [Clear CT: 0.0 ms]
   [Other: 2.4 ms]
      [Choose CSet: 0.0 ms]
      [Ref Proc: 2.2 ms]
      [Ref Enq: 0.0 ms]
      [Redirty Cards: 0.0 ms]
      [Humongous Register: 0.0 ms]
      [Humongous Reclaim: 0.0 ms]
      [Free CSet: 0.0 ms]
   [Eden: 17.0M(17.0M)->0.0B(52.0M) Survivors: 2048.0K->3072.0K Heap: 19.6M(100.0M)->6217.5K(100.0M)]
 [Times: user=0.00 sys=0.00, real=0.01 secs] 
2019-12-23T14:52:08.374+0800: 3.176: [GC pause (G1 Evacuation Pause) (young), 0.0092984 secs]
   [Parallel Time: 5.2 ms, GC Workers: 4]
      [GC Worker Start (ms): Min: 3175.6, Avg: 3176.0, Max: 3176.5, Diff: 1.0]
      [Ext Root Scanning (ms): Min: 0.4, Avg: 0.9, Max: 1.4, Diff: 1.0, Sum: 3.6]
      [Update RS (ms): Min: 0.2, Avg: 0.3, Max: 0.5, Diff: 0.3, Sum: 1.2]
         [Processed Buffers: Min: 1, Avg: 3.0, Max: 5, Diff: 4, Sum: 12]
      [Scan RS (ms): Min: 0.0, Avg: 0.1, Max: 0.1, Diff: 0.1, Sum: 0.2]
      [Code Root Scanning (ms): Min: 0.0, Avg: 0.1, Max: 0.2, Diff: 0.2, Sum: 0.3]
      [Object Copy (ms): Min: 3.2, Avg: 3.3, Max: 3.5, Diff: 0.2, Sum: 13.4]
      [Termination (ms): Min: 0.0, Avg: 0.0, Max: 0.0, Diff: 0.0, Sum: 0.0]
         [Termination Attempts: Min: 1, Avg: 1.8, Max: 4, Diff: 3, Sum: 7]
      [GC Worker Other (ms): Min: 0.0, Avg: 0.0, Max: 0.0, Diff: 0.0, Sum: 0.1]
      [GC Worker Total (ms): Min: 4.2, Avg: 4.7, Max: 5.2, Diff: 1.0, Sum: 18.7]
      [GC Worker End (ms): Min: 3180.7, Avg: 3180.7, Max: 3180.7, Diff: 0.0]
   [Code Root Fixup: 0.0 ms]
   [Code Root Purge: 0.0 ms]
   [Clear CT: 0.1 ms]
   [Other: 4.0 ms]
      [Choose CSet: 0.0 ms]
      [Ref Proc: 3.8 ms]
      [Ref Enq: 0.0 ms]
      [Redirty Cards: 0.0 ms]
      [Humongous Register: 0.0 ms]
      [Humongous Reclaim: 0.0 ms]
      [Free CSet: 0.1 ms]
   [Eden: 49.0M(49.0M)->0.0B(53.0M) Survivors: 3072.0K->7168.0K Heap: 55.1M(100.0M)->10.9M(100.0M)]
 [Times: user=0.00 sys=0.00, real=0.01 secs] 
2019-12-23T14:52:08.752+0800: 3.554: [GC pause (Metadata GC Threshold) (young) (initial-mark), 0.0103934 secs]
   [Parallel Time: 7.2 ms, GC Workers: 4]
      [GC Worker Start (ms): Min: 3554.0, Avg: 3554.0, Max: 3554.0, Diff: 0.0]
      [Ext Root Scanning (ms): Min: 1.2, Avg: 1.6, Max: 1.9, Diff: 0.7, Sum: 6.3]
      [Update RS (ms): Min: 0.0, Avg: 0.2, Max: 0.3, Diff: 0.3, Sum: 0.9]
         [Processed Buffers: Min: 0, Avg: 2.8, Max: 6, Diff: 6, Sum: 11]
      [Scan RS (ms): Min: 0.0, Avg: 0.0, Max: 0.0, Diff: 0.0, Sum: 0.0]
      [Code Root Scanning (ms): Min: 0.0, Avg: 1.4, Max: 5.2, Diff: 5.2, Sum: 5.4]
      [Object Copy (ms): Min: 0.5, Avg: 3.8, Max: 5.0, Diff: 4.6, Sum: 15.4]
      [Termination (ms): Min: 0.0, Avg: 0.1, Max: 0.2, Diff: 0.2, Sum: 0.5]
         [Termination Attempts: Min: 1, Avg: 1.0, Max: 1, Diff: 0, Sum: 4]
      [GC Worker Other (ms): Min: 0.0, Avg: 0.0, Max: 0.0, Diff: 0.0, Sum: 0.0]
      [GC Worker Total (ms): Min: 7.1, Avg: 7.1, Max: 7.2, Diff: 0.0, Sum: 28.6]
      [GC Worker End (ms): Min: 3561.2, Avg: 3561.2, Max: 3561.2, Diff: 0.0]
   [Code Root Fixup: 0.0 ms]
   [Code Root Purge: 0.0 ms]
   [Clear CT: 0.1 ms]
   [Other: 3.1 ms]
      [Choose CSet: 0.0 ms]
      [Ref Proc: 2.9 ms]
      [Ref Enq: 0.0 ms]
      [Redirty Cards: 0.0 ms]
      [Humongous Register: 0.0 ms]
      [Humongous Reclaim: 0.0 ms]
      [Free CSet: 0.1 ms]
   [Eden: 33.0M(53.0M)->0.0B(52.0M) Survivors: 7168.0K->8192.0K Heap: 43.3M(100.0M)->11.9M(100.0M)]
 [Times: user=0.05 sys=0.00, real=0.01 secs] 
2019-12-23T14:52:08.763+0800: 3.565: [GC concurrent-root-region-scan-start]
2019-12-23T14:52:08.771+0800: 3.572: [GC concurrent-root-region-scan-end, 0.0078695 secs]
2019-12-23T14:52:08.771+0800: 3.572: [GC concurrent-mark-start]
2019-12-23T14:52:08.779+0800: 3.580: [GC concurrent-mark-end, 0.0078918 secs]
2019-12-23T14:52:08.783+0800: 3.585: [GC remark 2019-12-23T14:52:08.784+0800: 3.585: [Finalize Marking, 0.0000781 secs] 2019-12-23T14:52:08.784+0800: 3.585: [GC ref-proc, 0.0013438 secs] 2019-12-23T14:52:08.785+0800: 3.587: [Unloading, 0.0031493 secs], 0.0047533 secs]
 [Times: user=0.00 sys=0.00, real=0.01 secs] 
2019-12-23T14:52:08.790+0800: 3.592: [GC cleanup 12M->12M(100M), 0.0001901 secs]
 [Times: user=0.00 sys=0.00, real=0.00 secs] 
2019-12-23T14:52:08.790+0800: 3.592: [GC concurrent-cleanup-start]
2019-12-23T14:52:08.790+0800: 3.592: [GC concurrent-cleanup-end, 0.0000126 secs]
2019-12-23T14:52:09.477+0800: 4.279: [GC pause (G1 Evacuation Pause) (young), 0.0112672 secs]
   [Parallel Time: 7.7 ms, GC Workers: 4]
      [GC Worker Start (ms): Min: 4279.3, Avg: 4279.3, Max: 4279.3, Diff: 0.0]
      [Ext Root Scanning (ms): Min: 0.4, Avg: 0.9, Max: 2.0, Diff: 1.6, Sum: 3.6]
      [Update RS (ms): Min: 0.0, Avg: 0.2, Max: 0.4, Diff: 0.4, Sum: 0.8]
         [Processed Buffers: Min: 0, Avg: 2.5, Max: 7, Diff: 7, Sum: 10]
      [Scan RS (ms): Min: 0.0, Avg: 0.0, Max: 0.0, Diff: 0.0, Sum: 0.0]
      [Code Root Scanning (ms): Min: 0.0, Avg: 0.2, Max: 0.3, Diff: 0.3, Sum: 0.8]
      [Object Copy (ms): Min: 5.6, Avg: 6.3, Max: 6.8, Diff: 1.1, Sum: 25.2]
      [Termination (ms): Min: 0.0, Avg: 0.0, Max: 0.0, Diff: 0.0, Sum: 0.0]
         [Termination Attempts: Min: 1, Avg: 1.8, Max: 3, Diff: 2, Sum: 7]
      [GC Worker Other (ms): Min: 0.0, Avg: 0.0, Max: 0.0, Diff: 0.0, Sum: 0.0]
      [GC Worker Total (ms): Min: 7.6, Avg: 7.6, Max: 7.6, Diff: 0.0, Sum: 30.5]
      [GC Worker End (ms): Min: 4286.9, Avg: 4286.9, Max: 4286.9, Diff: 0.0]
   [Code Root Fixup: 0.0 ms]
   [Code Root Purge: 0.0 ms]
   [Clear CT: 0.0 ms]
   [Other: 3.5 ms]
      [Choose CSet: 0.0 ms]
      [Ref Proc: 3.3 ms]
      [Ref Enq: 0.0 ms]
      [Redirty Cards: 0.0 ms]
      [Humongous Register: 0.0 ms]
      [Humongous Reclaim: 0.0 ms]
      [Free CSet: 0.1 ms]
   [Eden: 52.0M(52.0M)->0.0B(52.0M) Survivors: 8192.0K->8192.0K Heap: 63.0M(100.0M)->12.0M(100.0M)]
 [Times: user=0.00 sys=0.00, real=0.01 secs] 
2019-12-23T14:52:10.182+0800: 4.984: [GC pause (G1 Evacuation Pause) (young), 0.0165316 secs]
   [Parallel Time: 11.5 ms, GC Workers: 4]
      [GC Worker Start (ms): Min: 4984.1, Avg: 4984.1, Max: 4984.1, Diff: 0.0]
      [Ext Root Scanning (ms): Min: 0.6, Avg: 1.3, Max: 2.4, Diff: 1.8, Sum: 5.2]
      [Update RS (ms): Min: 0.0, Avg: 0.2, Max: 0.4, Diff: 0.4, Sum: 0.9]
         [Processed Buffers: Min: 0, Avg: 2.3, Max: 6, Diff: 6, Sum: 9]
      [Scan RS (ms): Min: 0.0, Avg: 0.0, Max: 0.0, Diff: 0.0, Sum: 0.0]
      [Code Root Scanning (ms): Min: 0.0, Avg: 0.4, Max: 0.6, Diff: 0.6, Sum: 1.4]
      [Object Copy (ms): Min: 9.0, Avg: 9.5, Max: 10.0, Diff: 1.0, Sum: 38.2]
      [Termination (ms): Min: 0.0, Avg: 0.0, Max: 0.0, Diff: 0.0, Sum: 0.0]
         [Termination Attempts: Min: 1, Avg: 1.0, Max: 1, Diff: 0, Sum: 4]
      [GC Worker Other (ms): Min: 0.0, Avg: 0.0, Max: 0.0, Diff: 0.0, Sum: 0.1]
      [GC Worker Total (ms): Min: 11.4, Avg: 11.4, Max: 11.5, Diff: 0.0, Sum: 45.8]
      [GC Worker End (ms): Min: 4995.5, Avg: 4995.5, Max: 4995.5, Diff: 0.0]
   [Code Root Fixup: 0.1 ms]
   [Code Root Purge: 0.0 ms]
   [Clear CT: 0.0 ms]
   [Other: 4.9 ms]
      [Choose CSet: 0.0 ms]
      [Ref Proc: 4.7 ms]
      [Ref Enq: 0.0 ms]
      [Redirty Cards: 0.0 ms]
      [Humongous Register: 0.0 ms]
      [Humongous Reclaim: 0.0 ms]
      [Free CSet: 0.1 ms]
   [Eden: 52.0M(52.0M)->0.0B(52.0M) Survivors: 8192.0K->8192.0K Heap: 64.0M(100.0M)->16.5M(100.0M)]
 [Times: user=0.02 sys=0.00, real=0.02 secs] 
