Java HotSpot(TM) 64-Bit Server VM (25.161-b12) for windows-amd64 JRE (1.8.0_161-b12), built on Dec 19 2017 17:52:25 by "java_re" with MS VC++ 10.0 (VS2010)
Memory: 4k page, physical 8067900k(2029956k free), swap 16456508k(7147612k free)
CommandLine flags: -XX:-BytecodeVerificationLocal -XX:-BytecodeVerificationRemote -XX:InitialHeapSize=20971520 -XX:+ManagementServer -XX:MaxHeapSize=20971520 -XX:+PrintFlagsFinal -XX:+PrintGC -XX:+PrintGCDateStamps -XX:+PrintGCDetails -XX:+PrintGCTimeStamps -XX:TieredStopAtLevel=1 -XX:+UseCompressedClassPointers -XX:+UseCompressedOops -XX:-UseLargePagesIndividualAllocation -XX:+UseParallelGC 
2019-12-20T15:18:18.897+0800: 1.539: [GC (Allocation Failure) [PSYoungGen: 5632K->512K(6144K)] 5632K->1886K(19968K), 0.0478086 secs] [Times: user=0.05 sys=0.00, real=0.05 secs] 
2019-12-20T15:18:19.263+0800: 1.874: [GC (Allocation Failure) [PSYoungGen: 6144K->512K(6144K)] 7518K->3057K(19968K), 0.0027580 secs] [Times: user=0.00 sys=0.00, real=0.00 secs] 
2019-12-20T15:18:19.561+0800: 2.172: [GC (Allocation Failure) [PSYoungGen: 6144K->498K(6144K)] 8689K->3958K(19968K), 0.0037070 secs] [Times: user=0.00 sys=0.00, real=0.00 secs] 
2019-12-20T15:18:19.737+0800: 2.348: [GC (Allocation Failure) [PSYoungGen: 6130K->498K(6144K)] 9590K->4713K(19968K), 0.0045739 secs] [Times: user=0.00 sys=0.00, real=0.01 secs] 
2019-12-20T15:18:19.849+0800: 2.460: [GC (Allocation Failure) [PSYoungGen: 6089K->498K(6144K)] 10304K->5637K(19968K), 0.0030886 secs] [Times: user=0.00 sys=0.00, real=0.00 secs] 
2019-12-20T15:18:19.946+0800: 2.557: [GC (Allocation Failure) [PSYoungGen: 6130K->512K(3072K)] 11269K->6538K(16896K), 0.0030455 secs] [Times: user=0.00 sys=0.00, real=0.00 secs] 
2019-12-20T15:18:20.006+0800: 2.617: [GC (Allocation Failure) [PSYoungGen: 3072K->702K(4608K)] 9098K->6969K(18432K), 0.0027797 secs] [Times: user=0.00 sys=0.00, real=0.00 secs] 
2019-12-20T15:18:20.049+0800: 2.661: [GC (Allocation Failure) [PSYoungGen: 3262K->465K(4608K)] 9529K->6836K(18432K), 0.0013015 secs] [Times: user=0.00 sys=0.00, real=0.00 secs] 
2019-12-20T15:18:20.080+0800: 2.692: [GC (Allocation Failure) [PSYoungGen: 3025K->544K(4608K)] 9396K->7105K(18432K), 0.0017134 secs] [Times: user=0.00 sys=0.00, real=0.00 secs] 
2019-12-20T15:18:20.114+0800: 2.725: [GC (Allocation Failure) [PSYoungGen: 3104K->416K(4608K)] 9665K->7136K(18432K), 0.0018365 secs] [Times: user=0.00 sys=0.00, real=0.00 secs] 
2019-12-20T15:18:20.184+0800: 2.795: [GC (Allocation Failure) [PSYoungGen: 2976K->320K(4608K)] 9696K->7213K(18432K), 0.0031154 secs] [Times: user=0.00 sys=0.00, real=0.00 secs] 
2019-12-20T15:18:20.212+0800: 2.823: [GC (Allocation Failure) [PSYoungGen: 2880K->320K(4608K)] 9773K->7317K(18432K), 0.0015689 secs] [Times: user=0.00 sys=0.00, real=0.00 secs] 
2019-12-20T15:18:20.243+0800: 2.854: [GC (Allocation Failure) [PSYoungGen: 2880K->352K(4608K)] 9877K->7445K(18432K), 0.0016715 secs] [Times: user=0.00 sys=0.00, real=0.00 secs] 
2019-12-20T15:18:20.272+0800: 2.883: [GC (Allocation Failure) [PSYoungGen: 2912K->352K(4608K)] 10005K->7573K(18432K), 0.0028792 secs] [Times: user=0.02 sys=0.00, real=0.00 secs] 
2019-12-20T15:18:20.321+0800: 2.932: [GC (Allocation Failure) [PSYoungGen: 2906K->633K(4608K)] 10127K->7988K(18432K), 0.0016944 secs] [Times: user=0.00 sys=0.00, real=0.00 secs] 
2019-12-20T15:18:20.355+0800: 2.966: [GC (Allocation Failure) [PSYoungGen: 3193K->448K(4608K)] 10548K->8056K(18432K), 0.0018145 secs] [Times: user=0.00 sys=0.00, real=0.00 secs] 
2019-12-20T15:18:20.382+0800: 2.993: [GC (Allocation Failure) [PSYoungGen: 3008K->454K(4608K)] 10616K->8150K(18432K), 0.0010654 secs] [Times: user=0.00 sys=0.00, real=0.00 secs] 
2019-12-20T15:18:20.411+0800: 3.022: [GC (Allocation Failure) [PSYoungGen: 3014K->481K(4608K)] 10710K->8266K(18432K), 0.0011030 secs] [Times: user=0.00 sys=0.00, real=0.00 secs] 
2019-12-20T15:18:20.476+0800: 3.087: [GC (Allocation Failure) [PSYoungGen: 3041K->485K(4608K)] 10826K->8389K(18432K), 0.0012461 secs] [Times: user=0.00 sys=0.00, real=0.00 secs] 
2019-12-20T15:18:20.517+0800: 3.128: [GC (Allocation Failure) [PSYoungGen: 3045K->522K(4608K)] 10949K->8530K(18432K), 0.0016556 secs] [Times: user=0.00 sys=0.00, real=0.00 secs] 
2019-12-20T15:18:20.589+0800: 3.200: [GC (Allocation Failure) [PSYoungGen: 3082K->466K(4608K)] 11090K->8612K(18432K), 0.0026441 secs] [Times: user=0.00 sys=0.00, real=0.00 secs] 
2019-12-20T15:18:20.691+0800: 3.302: [GC (Allocation Failure) [PSYoungGen: 3026K->469K(4608K)] 11172K->8719K(18432K), 0.0014349 secs] [Times: user=0.00 sys=0.00, real=0.00 secs] 
2019-12-20T15:18:20.730+0800: 3.341: [GC (Allocation Failure) [PSYoungGen: 3029K->569K(4608K)] 11279K->8938K(18432K), 0.0014027 secs] [Times: user=0.00 sys=0.00, real=0.00 secs] 
2019-12-20T15:18:20.782+0800: 3.393: [GC (Allocation Failure) [PSYoungGen: 3129K->593K(5120K)] 11498K->9082K(18944K), 0.0012419 secs] [Times: user=0.00 sys=0.00, real=0.00 secs] 
2019-12-20T15:18:20.819+0800: 3.430: [GC (Allocation Failure) [PSYoungGen: 4177K->676K(5120K)] 12666K->9296K(18944K), 0.0015554 secs] [Times: user=0.00 sys=0.00, real=0.00 secs] 
2019-12-20T15:18:20.860+0800: 3.471: [GC (Allocation Failure) [PSYoungGen: 4260K->691K(5120K)] 12880K->9391K(18944K), 0.0015606 secs] [Times: user=0.00 sys=0.00, real=0.00 secs] 
2019-12-20T15:18:20.903+0800: 3.514: [GC (Allocation Failure) [PSYoungGen: 4275K->544K(5120K)] 12975K->9362K(18944K), 0.0017219 secs] [Times: user=0.00 sys=0.00, real=0.00 secs] 
2019-12-20T15:18:20.986+0800: 3.597: [GC (Metadata GC Threshold) [PSYoungGen: 3740K->555K(5120K)] 12558K->9501K(18944K), 0.0022218 secs] [Times: user=0.00 sys=0.00, real=0.00 secs] 
2019-12-20T15:18:20.988+0800: 3.600: [Full GC (Metadata GC Threshold) [PSYoungGen: 555K->0K(5120K)] [ParOldGen: 8946K->8458K(13824K)] 9501K->8458K(18944K), [Metaspace: 20523K->20521K(1067008K)], 0.0661957 secs] [Times: user=0.19 sys=0.02, real=0.07 secs] 
2019-12-20T15:18:21.117+0800: 3.729: [GC (Allocation Failure) [PSYoungGen: 3584K->535K(5120K)] 12042K->8993K(18944K), 0.0011458 secs] [Times: user=0.06 sys=0.00, real=0.00 secs] 
2019-12-20T15:18:21.214+0800: 3.826: [GC (Allocation Failure) [PSYoungGen: 4119K->561K(5120K)] 12577K->9307K(18944K), 0.0013284 secs] [Times: user=0.00 sys=0.00, real=0.00 secs] 
2019-12-20T15:18:21.331+0800: 3.942: [GC (Allocation Failure) [PSYoungGen: 4145K->445K(5120K)] 12891K->9311K(18944K), 0.0014344 secs] [Times: user=0.00 sys=0.00, real=0.00 secs] 
2019-12-20T15:18:21.418+0800: 4.029: [GC (Allocation Failure) [PSYoungGen: 4028K->480K(5120K)] 12895K->9530K(18944K), 0.0014879 secs] [Times: user=0.00 sys=0.00, real=0.00 secs] 
2019-12-20T15:18:21.466+0800: 4.078: [GC (Allocation Failure) [PSYoungGen: 4064K->414K(5120K)] 13114K->9640K(18944K), 0.0021506 secs] [Times: user=0.00 sys=0.00, real=0.00 secs] 
2019-12-20T15:18:21.526+0800: 4.138: [GC (Allocation Failure) [PSYoungGen: 3998K->384K(5120K)] 13224K->9778K(18944K), 0.0014672 secs] [Times: user=0.00 sys=0.00, real=0.00 secs] 
2019-12-20T15:18:21.604+0800: 4.216: [GC (Allocation Failure) [PSYoungGen: 3968K->621K(5120K)] 13362K->10168K(18944K), 0.0016079 secs] [Times: user=0.00 sys=0.00, real=0.00 secs] 
2019-12-20T15:18:21.692+0800: 4.303: [GC (Allocation Failure) [PSYoungGen: 4205K->618K(5632K)] 13752K->10357K(19456K), 0.0017520 secs] [Times: user=0.00 sys=0.00, real=0.00 secs] 
2019-12-20T15:18:21.797+0800: 4.408: [GC (Allocation Failure) [PSYoungGen: 5226K->772K(5632K)] 14965K->10631K(19456K), 0.0014838 secs] [Times: user=0.00 sys=0.00, real=0.00 secs] 
2019-12-20T15:18:21.885+0800: 4.496: [GC (Allocation Failure) [PSYoungGen: 5380K->730K(4608K)] 15239K->10885K(18432K), 0.0023308 secs] [Times: user=0.00 sys=0.00, real=0.00 secs] 
2019-12-20T15:18:21.949+0800: 4.560: [GC (Allocation Failure) [PSYoungGen: 4314K->482K(5120K)] 14469K->10813K(18944K), 0.0015544 secs] [Times: user=0.00 sys=0.00, real=0.00 secs] 
2019-12-20T15:18:22.056+0800: 4.668: [GC (Allocation Failure) [PSYoungGen: 4066K->608K(5632K)] 14397K->11139K(19456K), 0.0020614 secs] [Times: user=0.00 sys=0.00, real=0.00 secs] 
2019-12-20T15:18:22.213+0800: 4.825: [GC (Allocation Failure) [PSYoungGen: 5216K->976K(5632K)] 15747K->11747K(19456K), 0.0022195 secs] [Times: user=0.00 sys=0.00, real=0.00 secs] 
2019-12-20T15:18:22.308+0800: 4.920: [GC (Allocation Failure) [PSYoungGen: 5584K->690K(4608K)] 16355K->11937K(18432K), 0.0024206 secs] [Times: user=0.00 sys=0.00, real=0.00 secs] 
2019-12-20T15:18:22.367+0800: 4.979: [GC (Allocation Failure) [PSYoungGen: 4274K->647K(5120K)] 15521K->12295K(18944K), 0.0019494 secs] [Times: user=0.06 sys=0.00, real=0.00 secs] 
2019-12-20T15:18:22.427+0800: 5.039: [GC (Allocation Failure) [PSYoungGen: 4231K->778K(5120K)] 15879K->12649K(18944K), 0.0016130 secs] [Times: user=0.00 sys=0.00, real=0.00 secs] 
2019-12-20T15:18:22.493+0800: 5.104: [GC (Allocation Failure) [PSYoungGen: 4362K->644K(5120K)] 16233K->12828K(18944K), 0.0026722 secs] [Times: user=0.00 sys=0.00, real=0.00 secs] 
2019-12-20T15:18:22.514+0800: 5.126: [GC (Allocation Failure) [PSYoungGen: 4224K->160K(4608K)] 16407K->12503K(18432K), 0.0014546 secs] [Times: user=0.00 sys=0.00, real=0.00 secs] 
2019-12-20T15:18:22.548+0800: 5.159: [GC (Allocation Failure) [PSYoungGen: 3721K->364K(5120K)] 16065K->12748K(18944K), 0.0014439 secs] [Times: user=0.00 sys=0.00, real=0.00 secs] 
2019-12-20T15:18:22.622+0800: 5.234: [GC (Allocation Failure) [PSYoungGen: 3944K->640K(5632K)] 16328K->13166K(19456K), 0.0023224 secs] [Times: user=0.00 sys=0.00, real=0.00 secs] 
2019-12-20T15:18:22.720+0800: 5.331: [GC (Allocation Failure) [PSYoungGen: 4736K->608K(5120K)] 17262K->13369K(18944K), 0.0020003 secs] [Times: user=0.00 sys=0.00, real=0.00 secs] 
2019-12-20T15:18:22.899+0800: 5.510: [GC (Allocation Failure) [PSYoungGen: 4704K->547K(5632K)] 17465K->13636K(19456K), 0.0030552 secs] [Times: user=0.06 sys=0.00, real=0.00 secs] 
2019-12-20T15:18:23.018+0800: 5.629: [GC (Allocation Failure) [PSYoungGen: 5155K->993K(5632K)] 18244K->14410K(19456K), 0.0026956 secs] [Times: user=0.00 sys=0.00, real=0.00 secs] 
2019-12-20T15:18:23.021+0800: 5.632: [Full GC (Ergonomics) [PSYoungGen: 993K->0K(5632K)] [ParOldGen: 13417K->9975K(13824K)] 14410K->9975K(19456K), [Metaspace: 27640K->27640K(1075200K)], 0.0724606 secs] [Times: user=0.27 sys=0.00, real=0.07 secs] 
2019-12-20T15:18:23.161+0800: 5.773: [GC (Allocation Failure) [PSYoungGen: 4608K->817K(4608K)] 14583K->10800K(18432K), 0.0020411 secs] [Times: user=0.00 sys=0.00, real=0.00 secs] 
2019-12-20T15:18:23.253+0800: 5.865: [GC (Allocation Failure) [PSYoungGen: 4401K->745K(5120K)] 14384K->10737K(18944K), 0.0019404 secs] [Times: user=0.00 sys=0.00, real=0.00 secs] 
2019-12-20T15:18:23.761+0800: 6.373: [GC (Allocation Failure) [PSYoungGen: 4329K->992K(5120K)] 14321K->10991K(18944K), 0.0029455 secs] [Times: user=0.00 sys=0.00, real=0.00 secs] 
2019-12-20T15:18:23.872+0800: 6.483: [GC (Allocation Failure) [PSYoungGen: 4576K->1152K(5120K)] 14575K->11159K(18944K), 0.0029157 secs] [Times: user=0.00 sys=0.00, real=0.00 secs] 
